
  .   ____          _            __ _ _
 /\\ / ___'_ __ _ _(_)_ __  __ _ \ \ \ \
( ( )\___ | '_ | '_| | '_ \/ _` | \ \ \ \
 \\/  ___)| |_)| | | | | || (_| |  ) ) ) )
  '  |____| .__|_| |_|_| |_\__, | / / / /
 =========|_|==============|___/=/_/_/_/

 :: Spring Boot ::                (v3.4.1)

2026-07-27T21:28:45.617+05:30  INFO 14052 --- [noor-backend] [           main] com.noormasjid.NoorBackendApplication    : Starting NoorBackendApplication using Java 18.0.2.1 with PID 14052 (D:\khanfile\noor-backend\target\classes started by FT-0006 in D:\khanfile\noor-backend)
2026-07-27T21:28:45.617+05:30 DEBUG 14052 --- [noor-backend] [           main] com.noormasjid.NoorBackendApplication    : Running with Spring Boot v3.4.1, Spring v6.2.1
2026-07-27T21:28:45.617+05:30  INFO 14052 --- [noor-backend] [           main] com.noormasjid.NoorBackendApplication    : No active profile set, falling back to 1 default profile: "default"
2026-07-27T21:28:47.410+05:30  INFO 14052 --- [noor-backend] [           main] .s.d.r.c.RepositoryConfigurationDelegate : Bootstrapping Spring Data JPA repositories in DEFAULT mode.
2026-07-27T21:28:47.863+05:30  INFO 14052 --- [noor-backend] [           main] .s.d.r.c.RepositoryConfigurationDelegate : Finished Spring Data repository scanning in 405 ms. Found 30 JPA repository interfaces.
2026-07-27T21:28:49.681+05:30  INFO 14052 --- [noor-backend] [           main] o.s.b.w.embedded.tomcat.TomcatWebServer  : Tomcat initialized with port 8080 (http)
2026-07-27T21:28:49.716+05:30  INFO 14052 --- [noor-backend] [           main] o.apache.catalina.core.StandardService   : Starting service [Tomcat]
2026-07-27T21:28:49.717+05:30  INFO 14052 --- [noor-backend] [           main] o.apache.catalina.core.StandardEngine    : Starting Servlet engine: [Apache Tomcat/10.1.34]
2026-07-27T21:28:49.895+05:30  INFO 14052 --- [noor-backend] [           main] o.a.c.c.C.[Tomcat].[localhost].[/]       : Initializing Spring embedded WebApplicationContext
2026-07-27T21:28:49.898+05:30  INFO 14052 --- [noor-backend] [           main] w.s.c.ServletWebServerApplicationContext : Root WebApplicationContext: initialization completed in 4160 ms
2026-07-27T21:28:50.388+05:30  INFO 14052 --- [noor-backend] [           main] com.zaxxer.hikari.HikariDataSource       : HikariPool-1 - Starting...
2026-07-27T21:28:51.247+05:30  INFO 14052 --- [noor-backend] [           main] com.zaxxer.hikari.pool.HikariPool        : HikariPool-1 - Added connection org.postgresql.jdbc.PgConnection@5463f035
2026-07-27T21:28:51.252+05:30  INFO 14052 --- [noor-backend] [           main] com.zaxxer.hikari.HikariDataSource       : HikariPool-1 - Start completed.
2026-07-27T21:28:51.365+05:30  INFO 14052 --- [noor-backend] [           main] org.flywaydb.core.FlywayExecutor         : Database: jdbc:postgresql://aws-1-ap-south-1.pooler.supabase.com:5432/postgres (PostgreSQL 17.6)
2026-07-27T21:28:51.670+05:30  INFO 14052 --- [noor-backend] [           main] o.f.core.internal.command.DbValidate     : Successfully validated 2 migrations (execution time 00:00.126s)
2026-07-27T21:28:51.851+05:30  INFO 14052 --- [noor-backend] [           main] o.f.core.internal.command.DbMigrate      : Current version of schema "public": 2
2026-07-27T21:28:51.870+05:30  INFO 14052 --- [noor-backend] [           main] o.f.core.internal.command.DbMigrate      : Schema "public" is up to date. No migration necessary.
2026-07-27T21:28:52.137+05:30  INFO 14052 --- [noor-backend] [           main] o.hibernate.jpa.internal.util.LogHelper  : HHH000204: Processing PersistenceUnitInfo [name: default]
2026-07-27T21:28:52.311+05:30  INFO 14052 --- [noor-backend] [           main] org.hibernate.Version                    : HHH000412: Hibernate ORM core version 6.6.4.Final
2026-07-27T21:28:52.395+05:30  INFO 14052 --- [noor-backend] [           main] o.h.c.internal.RegionFactoryInitiator    : HHH000026: Second-level cache disabled
2026-07-27T21:28:53.161+05:30  INFO 14052 --- [noor-backend] [           main] o.s.o.j.p.SpringPersistenceUnitInfo      : No LoadTimeWeaver setup: ignoring JPA class transformer
2026-07-27T21:28:53.348+05:30  WARN 14052 --- [noor-backend] [           main] org.hibernate.orm.deprecation            : HHH90000025: PostgreSQLDialect does not need to be specified explicitly using 'hibernate.dialect' (remove the property setting and it will be selected by default)
2026-07-27T21:28:53.408+05:30  INFO 14052 --- [noor-backend] [           main] org.hibernate.orm.connections.pooling    : HHH10001005: Database info:
	Database JDBC URL [Connecting through datasource 'HikariDataSource (HikariPool-1)']
	Database driver: undefined/unknown
	Database version: 17.6
	Autocommit mode: undefined/unknown
	Isolation level: undefined/unknown
	Minimum pool size: undefined/unknown
	Maximum pool size: undefined/unknown
2026-07-27T21:28:57.103+05:30  INFO 14052 --- [noor-backend] [           main] o.h.e.t.j.p.i.JtaPlatformInitiator       : HHH000489: No JTA platform available (set 'hibernate.transaction.jta.platform' to enable JTA platform integration)
2026-07-27T21:28:57.348+05:30  INFO 14052 --- [noor-backend] [           main] j.LocalContainerEntityManagerFactoryBean : Initialized JPA EntityManagerFactory for persistence unit 'default'
2026-07-27T21:28:57.989+05:30 DEBUG 14052 --- [noor-backend] [           main] com.noormasjid.security.JwtAuthFilter    : Filter 'jwtAuthFilter' configured for use
2026-07-27T21:28:58.183+05:30  INFO 14052 --- [noor-backend] [           main] o.s.d.j.r.query.QueryEnhancerFactory     : Hibernate is in classpath; If applicable, HQL parser will be used.
2026-07-27T21:28:59.374+05:30  INFO 14052 --- [noor-backend] [           main] eAuthenticationProviderManagerConfigurer : Global AuthenticationManager configured with AuthenticationProvider bean with name authenticationProvider
2026-07-27T21:28:59.378+05:30  WARN 14052 --- [noor-backend] [           main] r$InitializeUserDetailsManagerConfigurer : Global AuthenticationManager configured with an AuthenticationProvider bean. UserDetailsService beans will not be used by Spring Security for automatically configuring username/password login. Consider removing the AuthenticationProvider bean. Alternatively, consider using the UserDetailsService in a manually instantiated DaoAuthenticationProvider. If the current configuration is intentional, to turn off this warning, increase the logging level of 'org.springframework.security.config.annotation.authentication.configuration.InitializeUserDetailsBeanManagerConfigurer' to ERROR
2026-07-27T21:29:00.836+05:30  WARN 14052 --- [noor-backend] [           main] JpaBaseConfiguration$JpaWebConfiguration : spring.jpa.open-in-view is enabled by default. Therefore, database queries may be performed during view rendering. Explicitly configure spring.jpa.open-in-view to disable this warning
2026-07-27T21:29:02.215+05:30  INFO 14052 --- [noor-backend] [           main] o.s.b.w.embedded.tomcat.TomcatWebServer  : Tomcat started on port 8080 (http) with context path '/'
2026-07-27T21:29:02.242+05:30  INFO 14052 --- [noor-backend] [           main] com.noormasjid.NoorBackendApplication    : Started NoorBackendApplication in 17.432 seconds (process running for 18.296)
